[0m04:02:06.531942 [debug] [MainThread]: Sending event: {'category': 'dbt', 'action': 'invocation', 'label': 'start', 'context': [<snowplow_tracker.self_describing_json.SelfDescribingJson object at 0x70e0b8c5e0f0>, <snowplow_tracker.self_describing_json.SelfDescribingJson object at 0x70e0b82d2090>, <snowplow_tracker.self_describing_json.SelfDescribingJson object at 0x70e0b7e903b0>]}


============================== 04:02:06.606243 | 813913a3-506c-4f1a-9f8b-8e386161ca68 ==============================
[0m04:02:06.606243 [info ] [MainThread]: Running with dbt=1.10.13
[0m04:02:06.607225 [debug] [MainThread]: running dbt with arguments {'indirect_selection': 'eager', 'printer_width': '80', 'empty': 'None', 'warn_error': 'None', 'use_experimental_parser': 'False', 'profiles_dir': '/home/vscode/.dbt', 'write_json': 'True', 'debug': 'False', 'invocation_command': 'dbt init', 'fail_fast': 'False', 'target_path': 'None', 'send_anonymous_usage_stats': 'True', 'introspect': 'True', 'log_path': 'logs', 'partial_parse': 'True', 'use_colors': 'True', 'quiet': 'False', 'log_format': 'default', 'cache_selected_only': 'False', 'version_check': 'True', 'warn_error_options': 'WarnErrorOptionsV2(error=[], warn=[], silence=[])', 'log_cache_events': 'False', 'no_print': 'None', 'static_parser': 'True'}
[0m04:02:30.335237 [debug] [MainThread]: Starter project path: /home/vscode/.venv/lib/python3.12/site-packages/dbt/include/starter_project
[0m04:02:30.344982 [info ] [MainThread]:
Your new dbt project "jaffle_shop" was created!

For more information on how to configure the profiles.yml file,
please consult the dbt documentation here:

  https://docs.getdbt.com/docs/configure-your-profile

One more thing:

Need help? Don't hesitate to reach out to us via GitHub issues or on Slack:

  https://community.getdbt.com/

Happy modeling!

[0m04:02:30.346120 [info ] [MainThread]: Setting up your profile.
[0m04:02:47.504002 [debug] [MainThread]: Resource report: {"command_name": "init", "command_success": true, "command_wall_clock_time": 41.025455, "process_in_blocks": "24304", "process_kernel_time": 0.608948, "process_mem_max_rss": "133888", "process_out_blocks": "80", "process_user_time": 3.144896}
[0m04:02:47.504775 [debug] [MainThread]: Command `dbt init` succeeded at 04:02:47.504664 after 41.03 seconds
[0m04:02:47.505295 [debug] [MainThread]: Sending event: {'category': 'dbt', 'action': 'invocation', 'label': 'end', 'context': [<snowplow_tracker.self_describing_json.SelfDescribingJson object at 0x70e0b7b71b80>, <snowplow_tracker.self_describing_json.SelfDescribingJson object at 0x70e0b86420f0>, <snowplow_tracker.self_describing_json.SelfDescribingJson object at 0x70e0b830fe00>]}
[0m04:02:47.505752 [debug] [MainThread]: Flushing usage events
[0m04:02:48.249336 [debug] [MainThread]: An error was encountered while trying to flush usage events
